src/index.ts(116,35): error TS2345: Argument of type '{ id: string; name: string; userId: string; isActive: boolean; createdAt: Date; updatedAt: Date; }' is not assignable to parameter of type '{ id: string; name: string; workoutDays: { name: string; weekDay: "MONDAY" | "TUESDAY" | "WEDNESDAY" | "THURSDAY" | "FRIDAY" | "SATURDAY" | "SUNDAY"; estimatedDurationInSeconds: number; exercises: { ...; }[]; isRest?: boolean | undefined; }[]; }'.
  Property 'workoutDays' is missing in type '{ id: string; name: string; userId: string; isActive: boolean; createdAt: Date; updatedAt: Date; }' but required in type '{ id: string; name: string; workoutDays: { name: string; weekDay: "MONDAY" | "TUESDAY" | "WEDNESDAY" | "THURSDAY" | "FRIDAY" | "SATURDAY" | "SUNDAY"; estimatedDurationInSeconds: number; exercises: { ...; }[]; isRest?: boolean | undefined; }[]; }'.
